// Jest Snapshot v1, https://goo.gl/fbAQLP

exports[`NotFoundScreen tests Should NotFoundScreen render correctly 1`] = `
<div>
  <div
    class="page page--favorites-empty"
  >
    <header
      class="header"
    >
      <div
        class="container"
      >
        <div
          class="header__wrapper"
        >
          <div
            class="header__left"
          >
            <a
              class="header__logo-link header__logo-link--active"
              href="/"
            >
              <img
                alt="6 cities logo"
                class="header__logo"
                height="41"
                src="img/logo.svg"
                width="81"
              />
            </a>
          </div>
          <nav
            class="header__nav"
          >
            <ul
              class="header__nav-list"
              style="flex-direction: column; align-items: flex-end;"
            >
              <li
                class="header__nav-item user"
              >
                <a
                  class="header__nav-link header__nav-link--profile"
                  href="/favorites"
                >
                  <div
                    class="header__avatar-wrapper user__avatar-wrapper"
                    style="background-image: url(undefined);"
                  />
                  <span
                    class="header__user-name user__name"
                  >
                    test@test.ru
                  </span>
                </a>
              </li>
            </ul>
          </nav>
        </div>
      </div>
    </header>
    <main
      class="page__main page__main--favorites page__main--favorites-empty"
    >
      <div
        class="page__favorites-container container"
      >
        <section
          class="favorites favorites--empty"
        >
          <h1
            class="visually-hidden"
          >
            Page not found
          </h1>
          <div
            class="favorites__status-wrapper"
          >
            <b
              class="favorites__status"
            >
              404. Page not found
            </b>
            <p
              class="favorites__status-description"
            >
              <a
                class="error-link"
                href="/"
                style="color: rgb(68, 129, 195); font-weight: bold;"
              >
                Go back to the home page
              </a>
            </p>
          </div>
        </section>
      </div>
    </main>
    <footer
      class="footer"
    >
      <a
        class="footer__logo-link"
        href="/"
      >
        <img
          alt="6 cities logo"
          class="footer__logo"
          height="33"
          src="img/logo.svg"
          width="64"
        />
      </a>
    </footer>
  </div>
</div>
`;
