// Jest Snapshot v1, https://goo.gl/fbAQLP

exports[`Should spiner render correctly 1`] = `
<div>
  <div
    class="spiner"
  >
    <div
      class="loader"
    >
      <div
        class="ball"
      />
      <div
        class="ball"
      />
      <div
        class="ball"
      />
    </div>
    <svg
      version="1.1"
      xmlns="http://www.w3.org/2000/svg"
    >
      <defs>
        <filter
          id="gooey"
        >
          <fegaussianblur
            in="SourceGraphic"
            result="blur"
            stdDeviation="12"
          />
          <fecolormatrix
            in="blur"
            mode="matrix"
            result="goo"
            values="1 0 0 0 0  0 1 0 0 0  0 0 1 0 0  0 0 0 18 -8"
          />
          <feblend
            in="SourceGraphic"
            in2="goo"
          />
        </filter>
      </defs>
    </svg>
  </div>
</div>
`;
