// Jest Snapshot v1, https://goo.gl/fbAQLP

exports[`Should CityLink render correctly 1`] = `
<div>
  <a
    class="locations__item-link tabs__item tabs__item--active"
    href="#"
  >
    <span>
      Paris
    </span>
  </a>
</div>
`;
