// Jest Snapshot v1, https://goo.gl/fbAQLP

exports[`OfferSorting tests Should OfferSorting render correctly 1`] = `
<div>
  <form
    action="#"
    class="places__sorting"
    method="get"
  >
    <span
      class="places__sorting-caption"
    >
      Sort by 
    </span>
    <span
      class="places__sorting-type"
      tabindex="0"
    >
      Popular
      <svg
        class="places__sorting-arrow"
        height="4"
        width="7"
      >
        <use
          xlink:href="#icon-arrow-select"
        />
      </svg>
    </span>
    <ul
      class="places__options places__options--custom
    null"
    >
      <li
        class="places__option \\" tabIndex=\\"0\\"
    places__option--active"
      >
        Popular
      </li>
      <li
        class="places__option \\" tabIndex=\\"0\\"
    null"
      >
        Price: low to high
      </li>
      <li
        class="places__option \\" tabIndex=\\"0\\"
    null"
      >
        Price: high to low
      </li>
      <li
        class="places__option \\" tabIndex=\\"0\\"
    null"
      >
        Top rated first
      </li>
    </ul>
  </form>
</div>
`;
